[16:15:17] This is prokka 1.14.6
[16:15:17] Written by Torsten Seemann <torsten.seemann@gmail.com>
[16:15:17] Homepage is https://github.com/tseemann/prokka
[16:15:17] Local time is Sun Jul 27 16:15:17 2025
[16:15:17] You are root
[16:15:17] Operating system is linux
[16:15:17] You have BioPerl 1.7.8
[16:15:17] System has 16 cores.
[16:15:17] Will use maximum of 12 cores.
[16:15:17] Annotating as >>> Bacteria <<<
[16:15:17] Generating locus_tag from 'sequence.fasta' contents.
[16:15:17] Setting --locustag KIEHJLIC from MD5 42e1352c3ae16582c984e86e52f77664
[16:15:17] Creating new output folder: fa_results/prokka_annotation
[16:15:17] Running: mkdir -p fa_results\/prokka_annotation
[16:15:17] Using filename prefix: sample.XXX
[16:15:17] Setting HMMER_NCPU=1
[16:15:17] Writing log to: fa_results/prokka_annotation/sample.log
[16:15:17] Command: /root/miniconda3/envs/metagenomics_app/bin/prokka --outdir fa_results/prokka_annotation --prefix sample --cpus 12 --force sequence.fasta
[16:15:17] Appending to PATH: /root/miniconda3/envs/metagenomics_app/bin
[16:15:17] Looking for 'aragorn' - found /root/miniconda3/envs/metagenomics_app/bin/aragorn
[16:15:17] Determined aragorn version is 001002 from 'ARAGORN v1.2.41 Dean Laslett'
[16:15:17] Looking for 'barrnap' - found /root/miniconda3/envs/metagenomics_app/bin/barrnap
[16:15:17] Determined barrnap version is 000009 from 'barrnap 0.9'
[16:15:17] Looking for 'blastp' - found /root/miniconda3/envs/metagenomics_app/bin/blastp
[16:15:17] Determined blastp version is 002016 from 'blastp: 2.16.0+'
[16:15:17] Looking for 'cmpress' - found /root/miniconda3/envs/metagenomics_app/bin/cmpress
[16:15:17] Determined cmpress version is 001001 from '# INFERNAL 1.1.5 (Sep 2023)'
[16:15:17] Looking for 'cmscan' - found /root/miniconda3/envs/metagenomics_app/bin/cmscan
[16:15:17] Determined cmscan version is 001001 from '# INFERNAL 1.1.5 (Sep 2023)'
[16:15:17] Looking for 'egrep' - found /usr/bin/egrep
[16:15:17] Looking for 'find' - found /usr/bin/find
[16:15:17] Looking for 'grep' - found /usr/bin/grep
[16:15:17] Looking for 'hmmpress' - found /root/miniconda3/envs/metagenomics_app/bin/hmmpress
[16:15:17] Determined hmmpress version is 003004 from '# HMMER 3.4 (Aug 2023); http://hmmer.org/'
[16:15:17] Looking for 'hmmscan' - found /root/miniconda3/envs/metagenomics_app/bin/hmmscan
[16:15:17] Determined hmmscan version is 003004 from '# HMMER 3.4 (Aug 2023); http://hmmer.org/'
[16:15:17] Looking for 'java' - found /root/miniconda3/envs/metagenomics_app/bin/java
[16:15:17] Looking for 'makeblastdb' - found /root/miniconda3/envs/metagenomics_app/bin/makeblastdb
[16:15:17] Determined makeblastdb version is 002016 from 'makeblastdb: 2.16.0+'
[16:15:17] Looking for 'minced' - found /root/miniconda3/envs/metagenomics_app/bin/minced
[16:15:17] Determined minced version is 004002 from 'minced 0.4.2'
[16:15:17] Looking for 'parallel' - found /root/miniconda3/envs/metagenomics_app/bin/parallel
[16:15:17] Determined parallel version is 20250422 from 'GNU parallel 20250422'
[16:15:17] Looking for 'prodigal' - found /root/miniconda3/envs/metagenomics_app/bin/prodigal
[16:15:17] Determined prodigal version is 002006 from 'Prodigal V2.6.3: February, 2016'
[16:15:17] Looking for 'prokka-genbank_to_fasta_db' - found /root/miniconda3/envs/metagenomics_app/bin/prokka-genbank_to_fasta_db
[16:15:17] Looking for 'sed' - found /usr/bin/sed
[16:15:17] Looking for 'tbl2asn' - found /root/miniconda3/envs/metagenomics_app/bin/tbl2asn
[16:15:17] Determined tbl2asn version is 025008 from 'tbl2asn 25.8   arguments:'
[16:15:17] Using genetic code table 11.
[16:15:17] Loading and checking input file: sequence.fasta
[16:15:17] Wrote 1 contigs totalling 6477 bp.
[16:15:17] Predicting tRNAs and tmRNAs
[16:15:17] Running: aragorn -l -gc11  -w fa_results\/prokka_annotation\/sample\.fna
[16:15:17] Found 0 tRNAs
[16:15:17] Predicting Ribosomal RNAs
[16:15:17] Running Barrnap with 12 threads
[16:15:18] Found 0 rRNAs
[16:15:18] Skipping ncRNA search, enable with --rfam if desired.
[16:15:18] Total of 0 tRNA + rRNA features
[16:15:18] Searching for CRISPR repeats
[16:15:18] Found 0 CRISPRs
[16:15:18] Predicting coding sequences
[16:15:18] Contigs total 6477 bp, so using meta mode
[16:15:18] Running: prodigal -i fa_results\/prokka_annotation\/sample\.fna -c -m -g 11 -p meta -f sco -q
[16:15:18] Found 7 CDS
[16:15:18] Connecting features back to sequences
[16:15:18] Not using genus-specific database. Try --usegenus to enable it.
[16:15:18] Annotating CDS, please be patient.
[16:15:18] Will use 12 CPUs for similarity searching.
[16:15:18] There are still 7 unannotated CDS left (started with 7)
[16:15:18] Will use blast to search against /root/miniconda3/envs/metagenomics_app/db/kingdom/Bacteria/IS with 12 CPUs
[16:15:18] Running: cat fa_results\/prokka_annotation\/sample\.IS\.tmp\.41814\.faa | parallel --gnu --plain -j 12 --block 71 --recstart '>' --pipe blastp -query - -db /root/miniconda3/envs/metagenomics_app/db/kingdom/Bacteria/IS -evalue 1e-30 -qcov_hsp_perc 90 -num_threads 1 -num_descriptions 1 -num_alignments 1 -seg no > fa_results\/prokka_annotation\/sample\.IS\.tmp\.41814\.blast 2> /dev/null
[16:15:18] Deleting unwanted file: fa_results/prokka_annotation/sample.IS.tmp.41814.faa
[16:15:18] Deleting unwanted file: fa_results/prokka_annotation/sample.IS.tmp.41814.blast
[16:15:18] There are still 7 unannotated CDS left (started with 7)
[16:15:18] Will use blast to search against /root/miniconda3/envs/metagenomics_app/db/kingdom/Bacteria/AMR with 12 CPUs
[16:15:18] Running: cat fa_results\/prokka_annotation\/sample\.AMR\.tmp\.41814\.faa | parallel --gnu --plain -j 12 --block 71 --recstart '>' --pipe blastp -query - -db /root/miniconda3/envs/metagenomics_app/db/kingdom/Bacteria/AMR -evalue 1e-300 -qcov_hsp_perc 90 -num_threads 1 -num_descriptions 1 -num_alignments 1 -seg no > fa_results\/prokka_annotation\/sample\.AMR\.tmp\.41814\.blast 2> /dev/null
[16:15:18] Deleting unwanted file: fa_results/prokka_annotation/sample.AMR.tmp.41814.faa
[16:15:18] Deleting unwanted file: fa_results/prokka_annotation/sample.AMR.tmp.41814.blast
[16:15:18] There are still 7 unannotated CDS left (started with 7)
[16:15:18] Will use blast to search against /root/miniconda3/envs/metagenomics_app/db/kingdom/Bacteria/sprot with 12 CPUs
[16:15:18] Running: cat fa_results\/prokka_annotation\/sample\.sprot\.tmp\.41814\.faa | parallel --gnu --plain -j 12 --block 71 --recstart '>' --pipe blastp -query - -db /root/miniconda3/envs/metagenomics_app/db/kingdom/Bacteria/sprot -evalue 1e-09 -qcov_hsp_perc 80 -num_threads 1 -num_descriptions 1 -num_alignments 1 -seg no > fa_results\/prokka_annotation\/sample\.sprot\.tmp\.41814\.blast 2> /dev/null
[16:15:19] Deleting unwanted file: fa_results/prokka_annotation/sample.sprot.tmp.41814.faa
[16:15:19] Deleting unwanted file: fa_results/prokka_annotation/sample.sprot.tmp.41814.blast
[16:15:19] There are still 4 unannotated CDS left (started with 7)
[16:15:19] Will use hmmer3 to search against /root/miniconda3/envs/metagenomics_app/db/hmm/HAMAP.hmm with 12 CPUs
[16:15:19] Running: cat fa_results\/prokka_annotation\/sample\.HAMAP\.hmm\.tmp\.41814\.faa | parallel --gnu --plain -j 12 --block 22 --recstart '>' --pipe hmmscan --noali --notextw --acc -E 1e-09 --cpu 1 /root/miniconda3/envs/metagenomics_app/db/hmm/HAMAP.hmm /dev/stdin > fa_results\/prokka_annotation\/sample\.HAMAP\.hmm\.tmp\.41814\.hmmer3 2> /dev/null
[16:15:19] Deleting unwanted file: fa_results/prokka_annotation/sample.HAMAP.hmm.tmp.41814.faa
[16:15:19] Deleting unwanted file: fa_results/prokka_annotation/sample.HAMAP.hmm.tmp.41814.hmmer3
[16:15:19] Labelling remaining 4 proteins as 'hypothetical protein'
[16:15:19] Found 3 unique /gene codes.
[16:15:19] Fixed 0 colliding /gene names.
[16:15:19] Adding /locus_tag identifiers
[16:15:19] Assigned 7 locus_tags to CDS and RNA features.
[16:15:19] Writing outputs to fa_results/prokka_annotation/
[16:15:19] Generating annotation statistics file
[16:15:19] Generating Genbank and Sequin files
[16:15:19] Running: tbl2asn -V b -a r10k -l paired-ends -M n -N 1 -y 'Annotated using prokka 1.14.6 from https://github.com/tseemann/prokka' -Z fa_results\/prokka_annotation\/sample\.err -i fa_results\/prokka_annotation\/sample\.fsa 2> /dev/null
[16:15:19] Deleting unwanted file: fa_results/prokka_annotation/errorsummary.val
[16:15:19] Deleting unwanted file: fa_results/prokka_annotation/sample.dr
[16:15:19] Deleting unwanted file: fa_results/prokka_annotation/sample.fixedproducts
[16:15:19] Deleting unwanted file: fa_results/prokka_annotation/sample.ecn
[16:15:19] Deleting unwanted file: fa_results/prokka_annotation/sample.val
[16:15:19] Repairing broken .GBK output that tbl2asn produces...
[16:15:19] Running: sed 's/COORDINATES: profile/COORDINATES:profile/' < fa_results\/prokka_annotation\/sample\.gbf > fa_results\/prokka_annotation\/sample\.gbk
[16:15:19] Deleting unwanted file: fa_results/prokka_annotation/sample.gbf
[16:15:19] Output files:
[16:15:19] fa_results/prokka_annotation/sample.err
[16:15:19] fa_results/prokka_annotation/sample.faa
[16:15:19] fa_results/prokka_annotation/sample.ffn
[16:15:19] fa_results/prokka_annotation/sample.fna
[16:15:19] fa_results/prokka_annotation/sample.fsa
[16:15:19] fa_results/prokka_annotation/sample.gbk
[16:15:19] fa_results/prokka_annotation/sample.gff
[16:15:19] fa_results/prokka_annotation/sample.log
[16:15:19] fa_results/prokka_annotation/sample.sqn
[16:15:19] fa_results/prokka_annotation/sample.tbl
[16:15:19] fa_results/prokka_annotation/sample.tsv
[16:15:19] fa_results/prokka_annotation/sample.txt
[16:15:19] Annotation finished successfully.
[16:15:19] Walltime used: 0.03 minutes
[16:15:19] If you use this result please cite the Prokka paper:
[16:15:19] Seemann T (2014) Prokka: rapid prokaryotic genome annotation. Bioinformatics. 30(14):2068-9.
[16:15:19] Type 'prokka --citation' for more details.
[16:15:19] Thank you, come again.
