[16:44:41] This is prokka 1.14.6
[16:44:41] Written by Torsten Seemann <torsten.seemann@gmail.com>
[16:44:41] Homepage is https://github.com/tseemann/prokka
[16:44:41] Local time is Sun Jul 27 16:44:41 2025
[16:44:41] You are root
[16:44:41] Operating system is linux
[16:44:41] You have BioPerl 1.7.8
[16:44:41] System has 16 cores.
[16:44:41] Will use maximum of 12 cores.
[16:44:41] Annotating as >>> Bacteria <<<
[16:44:41] Generating locus_tag from 'results/converted.fasta' contents.
[16:44:42] Setting --locustag BEAMACEP from MD5 bea6ace9585edb1c84b26411f3ea35b8
[16:44:42] Creating new output folder: results/prokka_annotation
[16:44:42] Running: mkdir -p results\/prokka_annotation
[16:44:42] Using filename prefix: sample.XXX
[16:44:42] Setting HMMER_NCPU=1
[16:44:42] Writing log to: results/prokka_annotation/sample.log
[16:44:42] Command: /root/miniconda3/envs/metagenomics_app/bin/prokka --outdir results/prokka_annotation --prefix sample --cpus 12 --force results/converted.fasta
[16:44:42] Appending to PATH: /root/miniconda3/envs/metagenomics_app/bin
[16:44:42] Looking for 'aragorn' - found /root/miniconda3/envs/metagenomics_app/bin/aragorn
[16:44:42] Determined aragorn version is 001002 from 'ARAGORN v1.2.41 Dean Laslett'
[16:44:42] Looking for 'barrnap' - found /root/miniconda3/envs/metagenomics_app/bin/barrnap
[16:44:42] Determined barrnap version is 000009 from 'barrnap 0.9'
[16:44:42] Looking for 'blastp' - found /root/miniconda3/envs/metagenomics_app/bin/blastp
[16:44:42] Determined blastp version is 002016 from 'blastp: 2.16.0+'
[16:44:42] Looking for 'cmpress' - found /root/miniconda3/envs/metagenomics_app/bin/cmpress
[16:44:42] Determined cmpress version is 001001 from '# INFERNAL 1.1.5 (Sep 2023)'
[16:44:42] Looking for 'cmscan' - found /root/miniconda3/envs/metagenomics_app/bin/cmscan
[16:44:42] Determined cmscan version is 001001 from '# INFERNAL 1.1.5 (Sep 2023)'
[16:44:42] Looking for 'egrep' - found /usr/bin/egrep
[16:44:42] Looking for 'find' - found /usr/bin/find
[16:44:42] Looking for 'grep' - found /usr/bin/grep
[16:44:42] Looking for 'hmmpress' - found /root/miniconda3/envs/metagenomics_app/bin/hmmpress
[16:44:42] Determined hmmpress version is 003004 from '# HMMER 3.4 (Aug 2023); http://hmmer.org/'
[16:44:42] Looking for 'hmmscan' - found /root/miniconda3/envs/metagenomics_app/bin/hmmscan
[16:44:42] Determined hmmscan version is 003004 from '# HMMER 3.4 (Aug 2023); http://hmmer.org/'
[16:44:42] Looking for 'java' - found /root/miniconda3/envs/metagenomics_app/bin/java
[16:44:42] Looking for 'makeblastdb' - found /root/miniconda3/envs/metagenomics_app/bin/makeblastdb
[16:44:42] Determined makeblastdb version is 002016 from 'makeblastdb: 2.16.0+'
[16:44:42] Looking for 'minced' - found /root/miniconda3/envs/metagenomics_app/bin/minced
[16:44:43] Determined minced version is 004002 from 'minced 0.4.2'
[16:44:43] Looking for 'parallel' - found /root/miniconda3/envs/metagenomics_app/bin/parallel
[16:44:43] Determined parallel version is 20250422 from 'GNU parallel 20250422'
[16:44:43] Looking for 'prodigal' - found /root/miniconda3/envs/metagenomics_app/bin/prodigal
[16:44:43] Determined prodigal version is 002006 from 'Prodigal V2.6.3: February, 2016'
[16:44:43] Looking for 'prokka-genbank_to_fasta_db' - found /root/miniconda3/envs/metagenomics_app/bin/prokka-genbank_to_fasta_db
[16:44:43] Looking for 'sed' - found /usr/bin/sed
[16:44:43] Looking for 'tbl2asn' - found /root/miniconda3/envs/metagenomics_app/bin/tbl2asn
[16:44:43] Determined tbl2asn version is 025008 from 'tbl2asn 25.8   arguments:'
[16:44:43] Using genetic code table 11.
[16:44:43] Loading and checking input file: results/converted.fasta
[16:44:57] Wrote 54192 contigs totalling 12744513 bp.
[16:44:57] Predicting tRNAs and tmRNAs
[16:44:57] Running: aragorn -l -gc11  -w results\/prokka_annotation\/sample\.fna
[16:44:58] 1 tRNA-Ile c[91,183] 30 (tat)
[16:45:00] Found 1 tRNAs
[16:45:00] Predicting Ribosomal RNAs
[16:45:00] Running Barrnap with 12 threads
[16:46:03] Found 0 rRNAs
[16:46:03] Skipping ncRNA search, enable with --rfam if desired.
[16:46:03] Total of 1 tRNA + rRNA features
[16:46:03] Searching for CRISPR repeats
[16:46:04] Found 0 CRISPRs
[16:46:04] Predicting coding sequences
[16:46:04] Contigs total 12744513 bp, so using single mode
[16:46:04] Running: prodigal -i results\/prokka_annotation\/sample\.fna -c -m -g 11 -p single -f sco -q
[16:46:12] Excluding CDS which overlaps existing RNA (tRNA) at SRR33797155.18998:36..155 on + strand
[16:46:14] Found 13073 CDS
[16:46:14] Connecting features back to sequences
[16:46:14] Not using genus-specific database. Try --usegenus to enable it.
[16:46:14] Annotating CDS, please be patient.
[16:46:14] Will use 12 CPUs for similarity searching.
[16:46:15] There are still 13073 unannotated CDS left (started with 13073)
[16:46:15] Will use blast to search against /root/miniconda3/envs/metagenomics_app/db/kingdom/Bacteria/IS with 12 CPUs
[16:46:15] Running: cat results\/prokka_annotation\/sample\.IS\.tmp\.76483\.faa | parallel --gnu --plain -j 12 --block 24872 --recstart '>' --pipe blastp -query - -db /root/miniconda3/envs/metagenomics_app/db/kingdom/Bacteria/IS -evalue 1e-30 -qcov_hsp_perc 90 -num_threads 1 -num_descriptions 1 -num_alignments 1 -seg no > results\/prokka_annotation\/sample\.IS\.tmp\.76483\.blast 2> /dev/null
[16:46:20] Deleting unwanted file: results/prokka_annotation/sample.IS.tmp.76483.faa
[16:46:20] Deleting unwanted file: results/prokka_annotation/sample.IS.tmp.76483.blast
[16:46:21] There are still 13073 unannotated CDS left (started with 13073)
[16:46:21] Will use blast to search against /root/miniconda3/envs/metagenomics_app/db/kingdom/Bacteria/AMR with 12 CPUs
[16:46:21] Running: cat results\/prokka_annotation\/sample\.AMR\.tmp\.76483\.faa | parallel --gnu --plain -j 12 --block 24872 --recstart '>' --pipe blastp -query - -db /root/miniconda3/envs/metagenomics_app/db/kingdom/Bacteria/AMR -evalue 1e-300 -qcov_hsp_perc 90 -num_threads 1 -num_descriptions 1 -num_alignments 1 -seg no > results\/prokka_annotation\/sample\.AMR\.tmp\.76483\.blast 2> /dev/null
[16:46:25] Deleting unwanted file: results/prokka_annotation/sample.AMR.tmp.76483.faa
[16:46:25] Deleting unwanted file: results/prokka_annotation/sample.AMR.tmp.76483.blast
[16:46:27] There are still 13073 unannotated CDS left (started with 13073)
[16:46:27] Will use blast to search against /root/miniconda3/envs/metagenomics_app/db/kingdom/Bacteria/sprot with 12 CPUs
[16:46:27] Running: cat results\/prokka_annotation\/sample\.sprot\.tmp\.76483\.faa | parallel --gnu --plain -j 12 --block 24872 --recstart '>' --pipe blastp -query - -db /root/miniconda3/envs/metagenomics_app/db/kingdom/Bacteria/sprot -evalue 1e-09 -qcov_hsp_perc 80 -num_threads 1 -num_descriptions 1 -num_alignments 1 -seg no > results\/prokka_annotation\/sample\.sprot\.tmp\.76483\.blast 2> /dev/null
[16:46:36] Deleting unwanted file: results/prokka_annotation/sample.sprot.tmp.76483.faa
[16:46:36] Deleting unwanted file: results/prokka_annotation/sample.sprot.tmp.76483.blast
[16:46:37] There are still 13073 unannotated CDS left (started with 13073)
[16:46:37] Will use hmmer3 to search against /root/miniconda3/envs/metagenomics_app/db/hmm/HAMAP.hmm with 12 CPUs
[16:46:37] Running: cat results\/prokka_annotation\/sample\.HAMAP\.hmm\.tmp\.76483\.faa | parallel --gnu --plain -j 12 --block 24872 --recstart '>' --pipe hmmscan --noali --notextw --acc -E 1e-09 --cpu 1 /root/miniconda3/envs/metagenomics_app/db/hmm/HAMAP.hmm /dev/stdin > results\/prokka_annotation\/sample\.HAMAP\.hmm\.tmp\.76483\.hmmer3 2> /dev/null
[16:47:32] Deleting unwanted file: results/prokka_annotation/sample.HAMAP.hmm.tmp.76483.faa
[16:47:32] Deleting unwanted file: results/prokka_annotation/sample.HAMAP.hmm.tmp.76483.hmmer3
[16:47:32] Labelling remaining 13073 proteins as 'hypothetical protein'
[16:47:32] Found 0 unique /gene codes.
[16:47:32] Fixed 0 colliding /gene names.
[16:47:32] Adding /locus_tag identifiers
[16:47:33] Assigned 13074 locus_tags to CDS and RNA features.
[16:47:33] Writing outputs to results/prokka_annotation/
[16:48:14] Generating annotation statistics file
[16:48:15] Generating Genbank and Sequin files
[16:48:15] Running: tbl2asn -V b -a r10k -l paired-ends -M b -N 1 -y 'Annotated using prokka 1.14.6 from https://github.com/tseemann/prokka' -Z results\/prokka_annotation\/sample\.err -i results\/prokka_annotation\/sample\.fsa 2> /dev/null
[16:52:25] Deleting unwanted file: results/prokka_annotation/errorsummary.val
[16:52:25] Deleting unwanted file: results/prokka_annotation/sample.dr
[16:52:25] Deleting unwanted file: results/prokka_annotation/sample.fixedproducts
[16:52:25] Deleting unwanted file: results/prokka_annotation/sample.ecn
[16:52:25] Deleting unwanted file: results/prokka_annotation/sample.val
[16:52:25] Repairing broken .GBK output that tbl2asn produces...
[16:52:25] Running: sed 's/COORDINATES: profile/COORDINATES:profile/' < results\/prokka_annotation\/sample\.gbf > results\/prokka_annotation\/sample\.gbk
[16:52:29] Deleting unwanted file: results/prokka_annotation/sample.gbf
[16:52:29] Output files:
[16:52:29] results/prokka_annotation/sample.err
[16:52:29] results/prokka_annotation/sample.faa
[16:52:29] results/prokka_annotation/sample.ffn
[16:52:29] results/prokka_annotation/sample.fna
[16:52:29] results/prokka_annotation/sample.fsa
[16:52:29] results/prokka_annotation/sample.gbk
[16:52:29] results/prokka_annotation/sample.gff
[16:52:29] results/prokka_annotation/sample.log
[16:52:29] results/prokka_annotation/sample.sqn
[16:52:29] results/prokka_annotation/sample.tbl
[16:52:29] results/prokka_annotation/sample.tsv
[16:52:29] results/prokka_annotation/sample.txt
[16:52:29] Annotation finished successfully.
[16:52:29] Walltime used: 7.80 minutes
[16:52:29] If you use this result please cite the Prokka paper:
[16:52:29] Seemann T (2014) Prokka: rapid prokaryotic genome annotation. Bioinformatics. 30(14):2068-9.
[16:52:29] Type 'prokka --citation' for more details.
[16:52:29] Thank you, come again.
